// Jest Snapshot v1, https://goo.gl/fbAQLP

exports[`<ReposPage> renders without crashing 1`] = `
<ContextProvider
  value={
    Object {
      "store": Object {
        "clearActions": [Function],
        "dispatch": [Function],
        "getActions": [Function],
        "getState": [Function],
        "replaceReducer": [Function],
        "subscribe": [Function],
      },
      "subscription": Subscription {
        "handleChangeWrapper": [Function],
        "listeners": Object {
          "notify": [Function],
        },
        "onStateChange": [Function],
        "parentSub": undefined,
        "store": Object {
          "clearActions": [Function],
          "dispatch": [Function],
          "getActions": [Function],
          "getState": [Function],
          "replaceReducer": [Function],
          "subscribe": [Function],
        },
        "unsubscribe": null,
      },
    }
  }
>
  <Connect(ReposPage)
    clearSearch={[MockFunction]}
    error={null}
    loading={false}
    pageInfo={Object {}}
    repoSearch={[MockFunction]}
    repos={
      Array [
        Object {
          "node": Object {
            "description": "mock test 1",
            "id": "id-1",
            "name": "test-2",
            "stargazers": Object {
              "totalCount": 101,
            },
            "url": "test.test",
          },
        },
        Object {
          "node": Object {
            "description": "mock test 2",
            "id": "id-2",
            "name": "test-2",
            "stargazers": Object {
              "totalCount": 102,
            },
            "url": "test.test",
          },
        },
      ]
    }
    token="token-test"
  />
</ContextProvider>
`;
